INFO - Logging to file: st_character_distribution.log
INFO - ============================================================
INFO - CHARACTER DISTRIBUTION (LIVE MODE)
INFO - ============================================================
INFO - Data path: /home/aiko/SillyTavern-Launcher/SillyTavern/data/
INFO - Source user: bunnymally
INFO - Target file: 1Luv.png
INFO - Selected users: whisperedinsanity, echomeria, dreamweaver, siren, elizabethsrs, chantran, catsplosion
INFO - Overwrite existing: True
INFO - Found valid user: whisperedinsanity
INFO - Found valid user: echomeria
INFO - Found valid user: dreamweaver
INFO - Found valid user: siren
INFO - Found valid user: elizabethsrs
INFO - Found valid user: chantran
INFO - Found valid user: catsplosion
INFO - Found 7 valid selected usernames with characters directories
INFO - 
Processing whisperedinsanity...
INFO -   REPLACE: 1Luv.png (overwriting existing file)
INFO -     ✓ Successfully copied file
INFO - 
Processing echomeria...
INFO -   CREATE: 1Luv.png (copying from /home/aiko/SillyTavern-Launcher/SillyTavern/data/bunnymally/characters/1Luv.png)
INFO -     ✓ Successfully copied file
INFO - 
Processing dreamweaver...
INFO -   CREATE: 1Luv.png (copying from /home/aiko/SillyTavern-Launcher/SillyTavern/data/bunnymally/characters/1Luv.png)
INFO -     ✓ Successfully copied file
INFO - 
Processing siren...
INFO -   CREATE: 1Luv.png (copying from /home/aiko/SillyTavern-Launcher/SillyTavern/data/bunnymally/characters/1Luv.png)
INFO -     ✓ Successfully copied file
INFO - 
Processing elizabethsrs...
INFO -   CREATE: 1Luv.png (copying from /home/aiko/SillyTavern-Launcher/SillyTavern/data/bunnymally/characters/1Luv.png)
INFO -     ✓ Successfully copied file
INFO - 
Processing chantran...
INFO -   CREATE: 1Luv.png (copying from /home/aiko/SillyTavern-Launcher/SillyTavern/data/bunnymally/characters/1Luv.png)
INFO -     ✓ Successfully copied file
INFO - 
Processing catsplosion...
INFO -   CREATE: 1Luv.png (copying from /home/aiko/SillyTavern-Launcher/SillyTavern/data/bunnymally/characters/1Luv.png)
INFO -     ✓ Successfully copied file
INFO - 
==================================================
INFO - SUMMARY
INFO - ==================================================
INFO - Users processed: 7
INFO - Files processed: 7
INFO - Files skipped: 0
INFO - Errors: 0
INFO - 
Operations completed.
INFO - 
==================================================
INFO - VERIFYING FILES
INFO - ==================================================
INFO - 
Verifying whisperedinsanity...
INFO -   ✓ 1Luv.png (matches source)
INFO - 
Verifying echomeria...
INFO -   ✓ 1Luv.png (matches source)
INFO - 
Verifying dreamweaver...
INFO -   ✓ 1Luv.png (matches source)
INFO - 
Verifying siren...
INFO -   ✓ 1Luv.png (matches source)
INFO - 
Verifying elizabethsrs...
INFO -   ✓ 1Luv.png (matches source)
INFO - 
Verifying chantran...
INFO -   ✓ 1Luv.png (matches source)
INFO - 
Verifying catsplosion...
INFO -   ✓ 1Luv.png (matches source)
INFO - 
File verification complete:
INFO -   Total files verified: 7
INFO -   Mismatched files: 0
INFO - 
Log saved to: st_character_distribution.log
